C51 COMPILER V9.54   MAIN                                                                  10/26/2023 16:43:34 PAGE 1   


C51 COMPILER V9.54, COMPILATION OF MODULE MAIN
OBJECT MODULE PLACED IN .\Objects\main.obj
COMPILER INVOKED BY: D:\c51\C51\BIN\C51.EXE main.c OPTIMIZE(8,SPEED) BROWSE DEBUG OBJECTEXTEND PRINT(.\Listings\main.lst
                    -) TABS(2) OBJECT(.\Objects\main.obj)

line level    source

   1          #include <REGX52.H>
   2          
   3          //数码管段码表
   4          unsigned char NixieTable[]={0x3F,0x06,0x5B,0x4F,0x66,0x6D,0x7D,0x07,0x7F,0x6F};
   5          
   6          //延时子函数
   7          void Delay(unsigned int xms)
   8          {
   9   1        unsigned char i, j;
  10   1        while(xms--)
  11   1        {
  12   2          i = 2;
  13   2          j = 239;
  14   2          do
  15   2          {
  16   3            while (--j);
  17   3          } while (--i);
  18   2        }
  19   1      }
  20          
  21          //数码管显示子函数
  22          void Nixie(unsigned char Location,Number)
  23          {
  24   1        switch(Location)    //位码输出
  25   1        {
  26   2          case 1:P2_4=1;P2_3=1;P2_2=1;break;
  27   2          case 2:P2_4=1;P2_3=1;P2_2=0;break;
  28   2          case 3:P2_4=1;P2_3=0;P2_2=1;break;
  29   2          case 4:P2_4=1;P2_3=0;P2_2=0;break;
  30   2          case 5:P2_4=0;P2_3=1;P2_2=1;break;
  31   2          case 6:P2_4=0;P2_3=1;P2_2=0;break;
  32   2          case 7:P2_4=0;P2_3=0;P2_2=1;break;
  33   2          case 8:P2_4=0;P2_3=0;P2_2=0;break;
  34   2        }
  35   1        P1=NixieTable[Number];  //段码输出
  36   1        Delay(1);       //显示一段时间
  37   1      }
  38          
  39          unsigned char KEY()
  40          {
  41   1        unsigned char KeyNumber = 0;
  42   1        if(P3_1 == 0){Delay(20);while(P3_1==0);Delay(20);KeyNumber = 1;}
  43   1        if(P1_0 == 0){Delay(20);while(P1_0==0);Delay(20);KeyNumber = 2;}
  44   1        if(P1_2 == 0){Delay(20);while(P1_2==0);Delay(20);KeyNumber = 3;}
  45   1        if(P1_3 == 0){Delay(20);while(P1_3==0);Delay(20);KeyNumber = 4;}
  46   1        
  47   1        return KeyNumber;
  48   1      }
  49          
  50          void Timer0_Init()
  51          {
  52   1        TMOD=0x01;
  53   1        
  54   1        TL0=0x9C;
C51 COMPILER V9.54   MAIN                                                                  10/26/2023 16:43:34 PAGE 2   

  55   1        TH0=0xFF;
  56   1        
  57   1        TF0=0;
  58   1        TR0=1;
  59   1        
  60   1        ET0=1;
  61   1        EA=1;
  62   1        PT0=0;
  63   1        
  64   1      }
  65          
  66          unsigned char Counter,Compare;
  67          unsigned char KeyNum,Speed;
  68          sbit Motor = P0^0;
  69          
  70          void main()
  71          { 
  72   1        Timer0_Init();
  73   1        Nixie(1,0);
  74   1        while(1)
  75   1        { 
  76   2            KeyNum = KEY();
  77   2            if(KeyNum == 1)
  78   2            {
  79   3              Speed++;
  80   3              Speed%=4;
  81   3              KeyNum = 0;
  82   3            }
  83   2            Nixie(1,Speed);
  84   2            Delay(20);
  85   2        }
  86   1      }
  87          
  88          void Timer0_Routine() interrupt 1
  89          {
  90   1        TL0=0x9C;
  91   1        TH0=0xFF;
  92   1        
  93   1        Counter++;
  94   1        Counter %= 100;
  95   1        if(Counter < Compare)
  96   1        {
  97   2          Motor = 1;
  98   2        }
  99   1        else
 100   1        {
 101   2          Motor = 0;
 102   2        }
 103   1        
 104   1      }


MODULE INFORMATION:   STATIC OVERLAYABLE
   CODE SIZE        =    301    ----
   CONSTANT SIZE    =   ----    ----
   XDATA SIZE       =   ----    ----
   PDATA SIZE       =   ----    ----
   DATA SIZE        =     14    ----
   IDATA SIZE       =   ----    ----
   BIT SIZE         =   ----    ----
END OF MODULE INFORMATION.


C51 COMPILATION COMPLETE.  0 WARNING(S),  0 ERROR(S)
